Archive member included to satisfy reference by file (symbol)

c:/st/stm32cubeide_1.11.0/stm32cubeide/plugins/com.st.stm32cube.ide.mcu.externaltools.gnu-tools-for-stm32.10.3-2021.10.win32_1.0.100.202210260954/tools/bin/../lib/gcc/arm-none-eabi/10.3.1/../../../../arm-none-eabi/lib/thumb/v7-m/nofp\libc_nano.a(lib_a-errno.o)
                              ./Core/Src/syscalls.o (__errno)
c:/st/stm32cubeide_1.11.0/stm32cubeide/plugins/com.st.stm32cube.ide.mcu.externaltools.gnu-tools-for-stm32.10.3-2021.10.win32_1.0.100.202210260954/tools/bin/../lib/gcc/arm-none-eabi/10.3.1/../../../../arm-none-eabi/lib/thumb/v7-m/nofp\libc_nano.a(lib_a-exit.o)
                              c:/st/stm32cubeide_1.11.0/stm32cubeide/plugins/com.st.stm32cube.ide.mcu.externaltools.gnu-tools-for-stm32.10.3-2021.10.win32_1.0.100.202210260954/tools/bin/../lib/gcc/arm-none-eabi/10.3.1/../../../../arm-none-eabi/lib/thumb/v7-m/nofp/crt0.o (exit)
c:/st/stm32cubeide_1.11.0/stm32cubeide/plugins/com.st.stm32cube.ide.mcu.externaltools.gnu-tools-for-stm32.10.3-2021.10.win32_1.0.100.202210260954/tools/bin/../lib/gcc/arm-none-eabi/10.3.1/../../../../arm-none-eabi/lib/thumb/v7-m/nofp\libc_nano.a(lib_a-impure.o)
                              c:/st/stm32cubeide_1.11.0/stm32cubeide/plugins/com.st.stm32cube.ide.mcu.externaltools.gnu-tools-for-stm32.10.3-2021.10.win32_1.0.100.202210260954/tools/bin/../lib/gcc/arm-none-eabi/10.3.1/../../../../arm-none-eabi/lib/thumb/v7-m/nofp\libc_nano.a(lib_a-exit.o) (_global_impure_ptr)
c:/st/stm32cubeide_1.11.0/stm32cubeide/plugins/com.st.stm32cube.ide.mcu.externaltools.gnu-tools-for-stm32.10.3-2021.10.win32_1.0.100.202210260954/tools/bin/../lib/gcc/arm-none-eabi/10.3.1/../../../../arm-none-eabi/lib/thumb/v7-m/nofp\libc_nano.a(lib_a-init.o)
                              c:/st/stm32cubeide_1.11.0/stm32cubeide/plugins/com.st.stm32cube.ide.mcu.externaltools.gnu-tools-for-stm32.10.3-2021.10.win32_1.0.100.202210260954/tools/bin/../lib/gcc/arm-none-eabi/10.3.1/../../../../arm-none-eabi/lib/thumb/v7-m/nofp/crt0.o (__libc_init_array)
c:/st/stm32cubeide_1.11.0/stm32cubeide/plugins/com.st.stm32cube.ide.mcu.externaltools.gnu-tools-for-stm32.10.3-2021.10.win32_1.0.100.202210260954/tools/bin/../lib/gcc/arm-none-eabi/10.3.1/../../../../arm-none-eabi/lib/thumb/v7-m/nofp\libc_nano.a(lib_a-memset.o)
                              c:/st/stm32cubeide_1.11.0/stm32cubeide/plugins/com.st.stm32cube.ide.mcu.externaltools.gnu-tools-for-stm32.10.3-2021.10.win32_1.0.100.202210260954/tools/bin/../lib/gcc/arm-none-eabi/10.3.1/../../../../arm-none-eabi/lib/thumb/v7-m/nofp/crt0.o (memset)

Discarded input sections

 .text          0x0000000000000000        0x0 c:/st/stm32cubeide_1.11.0/stm32cubeide/plugins/com.st.stm32cube.ide.mcu.externaltools.gnu-tools-for-stm32.10.3-2021.10.win32_1.0.100.202210260954/tools/bin/../lib/gcc/arm-none-eabi/10.3.1/thumb/v7-m/nofp/crti.o
 .data          0x0000000000000000        0x0 c:/st/stm32cubeide_1.11.0/stm32cubeide/plugins/com.st.stm32cube.ide.mcu.externaltools.gnu-tools-for-stm32.10.3-2021.10.win32_1.0.100.202210260954/tools/bin/../lib/gcc/arm-none-eabi/10.3.1/thumb/v7-m/nofp/crti.o
 .bss           0x0000000000000000        0x0 c:/st/stm32cubeide_1.11.0/stm32cubeide/plugins/com.st.stm32cube.ide.mcu.externaltools.gnu-tools-for-stm32.10.3-2021.10.win32_1.0.100.202210260954/tools/bin/../lib/gcc/arm-none-eabi/10.3.1/thumb/v7-m/nofp/crti.o
 .data          0x0000000000000000        0x4 c:/st/stm32cubeide_1.11.0/stm32cubeide/plugins/com.st.stm32cube.ide.mcu.externaltools.gnu-tools-for-stm32.10.3-2021.10.win32_1.0.100.202210260954/tools/bin/../lib/gcc/arm-none-eabi/10.3.1/thumb/v7-m/nofp/crtbegin.o
 .rodata        0x0000000000000000       0x24 c:/st/stm32cubeide_1.11.0/stm32cubeide/plugins/com.st.stm32cube.ide.mcu.externaltools.gnu-tools-for-stm32.10.3-2021.10.win32_1.0.100.202210260954/tools/bin/../lib/gcc/arm-none-eabi/10.3.1/thumb/v7-m/nofp/crtbegin.o
 .text          0x0000000000000000       0x7c c:/st/stm32cubeide_1.11.0/stm32cubeide/plugins/com.st.stm32cube.ide.mcu.externaltools.gnu-tools-for-stm32.10.3-2021.10.win32_1.0.100.202210260954/tools/bin/../lib/gcc/arm-none-eabi/10.3.1/../../../../arm-none-eabi/lib/thumb/v7-m/nofp/crt0.o
 .data          0x0000000000000000        0x0 c:/st/stm32cubeide_1.11.0/stm32cubeide/plugins/com.st.stm32cube.ide.mcu.externaltools.gnu-tools-for-stm32.10.3-2021.10.win32_1.0.100.202210260954/tools/bin/../lib/gcc/arm-none-eabi/10.3.1/../../../../arm-none-eabi/lib/thumb/v7-m/nofp/crt0.o
 .bss           0x0000000000000000        0x0 c:/st/stm32cubeide_1.11.0/stm32cubeide/plugins/com.st.stm32cube.ide.mcu.externaltools.gnu-tools-for-stm32.10.3-2021.10.win32_1.0.100.202210260954/tools/bin/../lib/gcc/arm-none-eabi/10.3.1/../../../../arm-none-eabi/lib/thumb/v7-m/nofp/crt0.o
[...]
Memory Configuration

Name             Origin             Length             Attributes
RAM              0x0000000020000000 0x0000000000005000 xrw
FLASH            0x0000000008000000 0x0000000000020000 xr
*default*        0x0000000000000000 0xffffffffffffffff

Linker script and memory map

LOAD c:/st/stm32cubeide_1.11.0/stm32cubeide/plugins/com.st.stm32cube.ide.mcu.externaltools.gnu-tools-for-stm32.10.3-2021.10.win32_1.0.100.202210260954/tools/bin/../lib/gcc/arm-none-eabi/10.3.1/thumb/v7-m/nofp/crti.o
LOAD c:/st/stm32cubeide_1.11.0/stm32cubeide/plugins/com.st.stm32cube.ide.mcu.externaltools.gnu-tools-for-stm32.10.3-2021.10.win32_1.0.100.202210260954/tools/bin/../lib/gcc/arm-none-eabi/10.3.1/thumb/v7-m/nofp/crtbegin.o
LOAD c:/st/stm32cubeide_1.11.0/stm32cubeide/plugins/com.st.stm32cube.ide.mcu.externaltools.gnu-tools-for-stm32.10.3-2021.10.win32_1.0.100.202210260954/tools/bin/../lib/gcc/arm-none-eabi/10.3.1/../../../../arm-none-eabi/lib/thumb/v7-m/nofp/crt0.o
LOAD ./Core/Src/button.o
LOAD ./Core/Src/fsm_display.o
LOAD ./Core/Src/fsm_mode.o
LOAD ./Core/Src/global.o
LOAD ./Core/Src/input_reading.o
LOAD ./Core/Src/led_display.o
LOAD ./Core/Src/main.o
LOAD ./Core/Src/scheduler.o
LOAD ./Core/Src/software_timer.o
LOAD ./Core/Src/stm32f1xx_hal_msp.o
LOAD ./Core/Src/stm32f1xx_it.o
LOAD ./Core/Src/syscalls.o
LOAD ./Core/Src/sysmem.o
LOAD ./Core/Src/system_stm32f1xx.o
LOAD ./Core/Startup/startup_stm32f103rbtx.o
LOAD ./Drivers/STM32F1xx_HAL_Driver/Src/stm32f1xx_hal.o
LOAD ./Drivers/STM32F1xx_HAL_Driver/Src/stm32f1xx_hal_cortex.o
LOAD ./Drivers/STM32F1xx_HAL_Driver/Src/stm32f1xx_hal_dma.o
LOAD ./Drivers/STM32F1xx_HAL_Driver/Src/stm32f1xx_hal_exti.o
LOAD ./Drivers/STM32F1xx_HAL_Driver/Src/stm32f1xx_hal_flash.o
LOAD ./Drivers/STM32F1xx_HAL_Driver/Src/stm32f1xx_hal_flash_ex.o
LOAD ./Drivers/STM32F1xx_HAL_Driver/Src/stm32f1xx_hal_gpio.o
LOAD ./Drivers/STM32F1xx_HAL_Driver/Src/stm32f1xx_hal_gpio_ex.o
LOAD ./Drivers/STM32F1xx_HAL_Driver/Src/stm32f1xx_hal_pwr.o
LOAD ./Drivers/STM32F1xx_HAL_Driver/Src/stm32f1xx_hal_rcc.o
LOAD ./Drivers/STM32F1xx_HAL_Driver/Src/stm32f1xx_hal_rcc_ex.o
LOAD ./Drivers/STM32F1xx_HAL_Driver/Src/stm32f1xx_hal_tim.o
LOAD ./Drivers/STM32F1xx_HAL_Driver/Src/stm32f1xx_hal_tim_ex.o
LOAD ./Drivers/STM32F1xx_HAL_Driver/Src/stm32f1xx_hal_uart.o
START GROUP
LOAD c:/st/stm32cubeide_1.11.0/stm32cubeide/plugins/com.st.stm32cube.ide.mcu.externaltools.gnu-tools-for-stm32.10.3-2021.10.win32_1.0.100.202210260954/tools/bin/../lib/gcc/arm-none-eabi/10.3.1/../../../../arm-none-eabi/lib/thumb/v7-m/nofp\libc_nano.a
LOAD c:/st/stm32cubeide_1.11.0/stm32cubeide/plugins/com.st.stm32cube.ide.mcu.externaltools.gnu-tools-for-stm32.10.3-2021.10.win32_1.0.100.202210260954/tools/bin/../lib/gcc/arm-none-eabi/10.3.1/../../../../arm-none-eabi/lib/thumb/v7-m/nofp\libm.a
END GROUP
START GROUP
LOAD c:/st/stm32cubeide_1.11.0/stm32cubeide/plugins/com.st.stm32cube.ide.mcu.externaltools.gnu-tools-for-stm32.10.3-2021.10.win32_1.0.100.202210260954/tools/bin/../lib/gcc/arm-none-eabi/10.3.1/thumb/v7-m/nofp\libgcc.a
LOAD c:/st/stm32cubeide_1.11.0/stm32cubeide/plugins/com.st.stm32cube.ide.mcu.externaltools.gnu-tools-for-stm32.10.3-2021.10.win32_1.0.100.202210260954/tools/bin/../lib/gcc/arm-none-eabi/10.3.1/../../../../arm-none-eabi/lib/thumb/v7-m/nofp\libc_nano.a
END GROUP
START GROUP
LOAD c:/st/stm32cubeide_1.11.0/stm32cubeide/plugins/com.st.stm32cube.ide.mcu.externaltools.gnu-tools-for-stm32.10.3-2021.10.win32_1.0.100.202210260954/tools/bin/../lib/gcc/arm-none-eabi/10.3.1/thumb/v7-m/nofp\libgcc.a
LOAD c:/st/stm32cubeide_1.11.0/stm32cubeide/plugins/com.st.stm32cube.ide.mcu.externaltools.gnu-tools-for-stm32.10.3-2021.10.win32_1.0.100.202210260954/tools/bin/../lib/gcc/arm-none-eabi/10.3.1/../../../../arm-none-eabi/lib/thumb/v7-m/nofp\libc_nano.a
LOAD c:/st/stm32cubeide_1.11.0/stm32cubeide/plugins/com.st.stm32cube.ide.mcu.externaltools.gnu-tools-for-stm32.10.3-2021.10.win32_1.0.100.202210260954/tools/bin/../lib/gcc/arm-none-eabi/10.3.1/../../../../arm-none-eabi/lib/thumb/v7-m/nofp\libnosys.a
END GROUP
START GROUP
LOAD c:/st/stm32cubeide_1.11.0/stm32cubeide/plugins/com.st.stm32cube.ide.mcu.externaltools.gnu-tools-for-stm32.10.3-2021.10.win32_1.0.100.202210260954/tools/bin/../lib/gcc/arm-none-eabi/10.3.1/thumb/v7-m/nofp\libgcc.a
LOAD c:/st/stm32cubeide_1.11.0/stm32cubeide/plugins/com.st.stm32cube.ide.mcu.externaltools.gnu-tools-for-stm32.10.3-2021.10.win32_1.0.100.202210260954/tools/bin/../lib/gcc/arm-none-eabi/10.3.1/../../../../arm-none-eabi/lib/thumb/v7-m/nofp\libc_nano.a
LOAD c:/st/stm32cubeide_1.11.0/stm32cubeide/plugins/com.st.stm32cube.ide.mcu.externaltools.gnu-tools-for-stm32.10.3-2021.10.win32_1.0.100.202210260954/tools/bin/../lib/gcc/arm-none-eabi/10.3.1/../../../../arm-none-eabi/lib/thumb/v7-m/nofp\libnosys.a
END GROUP
LOAD c:/st/stm32cubeide_1.11.0/stm32cubeide/plugins/com.st.stm32cube.ide.mcu.externaltools.gnu-tools-for-stm32.10.3-2021.10.win32_1.0.100.202210260954/tools/bin/../lib/gcc/arm-none-eabi/10.3.1/thumb/v7-m/nofp/crtend.o
LOAD c:/st/stm32cubeide_1.11.0/stm32cubeide/plugins/com.st.stm32cube.ide.mcu.externaltools.gnu-tools-for-stm32.10.3-2021.10.win32_1.0.100.202210260954/tools/bin/../lib/gcc/arm-none-eabi/10.3.1/thumb/v7-m/nofp/crtn.o
                0x0000000020005000                _estack = (ORIGIN (RAM) + LENGTH (RAM))
                0x0000000000000200                _Min_Heap_Size = 0x200
                0x0000000000000400                _Min_Stack_Size = 0x400

.isr_vector     0x0000000008000000      0x10c
                0x0000000008000000                . = ALIGN (0x4)
 *(.isr_vector)
 .isr_vector    0x0000000008000000      0x10c ./Core/Startup/startup_stm32f103rbtx.o
                0x0000000008000000                g_pfnVectors
                0x000000000800010c                . = ALIGN (0x4)

.text           0x000000000800010c     0x3114
                0x000000000800010c                . = ALIGN (0x4)
 *(.text)
 .text          0x000000000800010c       0x40 c:/st/stm32cubeide_1.11.0/stm32cubeide/plugins/com.st.stm32cube.ide.mcu.externaltools.gnu-tools-for-stm32.10.3-2021.10.win32_1.0.100.202210260954/tools/bin/../lib/gcc/arm-none-eabi/10.3.1/thumb/v7-m/nofp/crtbegin.o
 *(.text*)
 .text.getKeyInput
                0x000000000800014c      0x160 ./Core/Src/button.o
                0x000000000800014c                getKeyInput
 .text.restartDisplay
                0x00000000080002ac       0x1c ./Core/Src/fsm_display.o
                0x00000000080002ac                restartDisplay
 .text.fsm_display
                0x00000000080002c8      0x2e4 ./Core/Src/fsm_display.o
                0x00000000080002c8                fsm_display
 .text.fsm_mode_run
                0x00000000080005ac      0x138 ./Core/Src/fsm_mode.o
                0x00000000080005ac                fsm_mode_run
 .text.isButtonflag
                0x00000000080006e4       0x34 ./Core/Src/input_reading.o
                0x00000000080006e4                isButtonflag
 .text.is_button_pressed
                0x0000000008000718       0x34 ./Core/Src/input_reading.o
                0x0000000008000718                is_button_pressed
 .text.is_button_pressed_3s
                0x000000000800074c       0x34 ./Core/Src/input_reading.o
                0x000000000800074c                is_button_pressed_3s
 .text.fsm_for_input_processing
                0x0000000008000780      0x1bc ./Core/Src/input_reading.o
                0x0000000008000780                fsm_for_input_processing
 .text.button_reading
                0x000000000800093c       0xd4 ./Core/Src/input_reading.o
                0x000000000800093c                button_reading
 .text.display_analog_clock
                0x0000000008000a10      0x690 ./Core/Src/led_display.o
                0x0000000008000a10                display_analog_clock
 .text.clearAllClock
                0x00000000080010a0       0x94 ./Core/Src/led_display.o
                0x00000000080010a0                clearAllClock
 .text.main     0x0000000008001134       0x58 ./Core/Src/main.o
                0x0000000008001134                main
 .text.SystemClock_Config
                0x000000000800118c       0x82 ./Core/Src/main.o
                0x000000000800118c                SystemClock_Config
 *fill*         0x000000000800120e        0x2 
 .text.MX_TIM2_Init
                0x0000000008001210       0x98 ./Core/Src/main.o
 .text.MX_USART2_UART_Init
                0x00000000080012a8       0x54 ./Core/Src/main.o
 .text.MX_GPIO_Init
                0x00000000080012fc      0x128 ./Core/Src/main.o
 .text.HAL_TIM_PeriodElapsedCallback
                0x0000000008001424       0x1c ./Core/Src/main.o
                0x0000000008001424                HAL_TIM_PeriodElapsedCallback
 .text.Error_Handler
                0x0000000008001440        0xa ./Core/Src/main.o
                0x0000000008001440                Error_Handler
 *fill*         0x000000000800144a        0x2 
 .text.clearTimer1
                0x000000000800144c       0x20 ./Core/Src/software_timer.o
                0x000000000800144c                clearTimer1
 .text.clearTimer2
                0x000000000800146c       0x20 ./Core/Src/software_timer.o
                0x000000000800146c                clearTimer2
 .text.clearTimer3
                0x000000000800148c       0x20 ./Core/Src/software_timer.o
                0x000000000800148c                clearTimer3
 .text.isTimerFlag1
                0x00000000080014ac       0x24 ./Core/Src/software_timer.o
                0x00000000080014ac                isTimerFlag1
 .text.isTimerFlag2
                0x00000000080014d0       0x24 ./Core/Src/software_timer.o
                0x00000000080014d0                isTimerFlag2
 .text.setTimer1
                0x00000000080014f4       0x34 ./Core/Src/software_timer.o
                0x00000000080014f4                setTimer1
 .text.setTimer2
                0x0000000008001528       0x34 ./Core/Src/software_timer.o
                0x0000000008001528                setTimer2
 .text.setTimer3
                0x000000000800155c       0x34 ./Core/Src/software_timer.o
                0x000000000800155c                setTimer3
 .text.setTimer4
                0x0000000008001590       0x34 ./Core/Src/software_timer.o
                0x0000000008001590                setTimer4
 .text.setTimer5
                0x00000000080015c4       0x34 ./Core/Src/software_timer.o
                0x00000000080015c4                setTimer5
 .text.setTimer6
                0x00000000080015f8       0x34 ./Core/Src/software_timer.o
                0x00000000080015f8                setTimer6
 .text.timerRun
                0x000000000800162c      0x124 ./Core/Src/software_timer.o
                0x000000000800162c                timerRun
 .text.HAL_MspInit
                0x0000000008001750       0x64 ./Core/Src/stm32f1xx_hal_msp.o
                0x0000000008001750                HAL_MspInit
 .text.HAL_TIM_Base_MspInit
                0x00000000080017b4       0x48 ./Core/Src/stm32f1xx_hal_msp.o
                0x00000000080017b4                HAL_TIM_Base_MspInit
 .text.HAL_UART_MspInit
                0x00000000080017fc       0x7c ./Core/Src/stm32f1xx_hal_msp.o
                0x00000000080017fc                HAL_UART_MspInit
 .text.NMI_Handler
                0x0000000008001878        0x6 ./Core/Src/stm32f1xx_it.o
                0x0000000008001878                NMI_Handler
 .text.HardFault_Handler
                0x000000000800187e        0x6 ./Core/Src/stm32f1xx_it.o
                0x000000000800187e                HardFault_Handler
 .text.MemManage_Handler
                0x0000000008001884        0x6 ./Core/Src/stm32f1xx_it.o
                0x0000000008001884                MemManage_Handler
 .text.BusFault_Handler
                0x000000000800188a        0x6 ./Core/Src/stm32f1xx_it.o
                0x000000000800188a                BusFault_Handler
 .text.UsageFault_Handler
                0x0000000008001890        0x6 ./Core/Src/stm32f1xx_it.o
                0x0000000008001890                UsageFault_Handler
 .text.SVC_Handler
                0x0000000008001896        0xc ./Core/Src/stm32f1xx_it.o
                0x0000000008001896                SVC_Handler
 .text.DebugMon_Handler
                0x00000000080018a2        0xc ./Core/Src/stm32f1xx_it.o
                0x00000000080018a2                DebugMon_Handler
 .text.PendSV_Handler
                0x00000000080018ae        0xc ./Core/Src/stm32f1xx_it.o
                0x00000000080018ae                PendSV_Handler
 .text.SysTick_Handler
                0x00000000080018ba        0xc ./Core/Src/stm32f1xx_it.o
                0x00000000080018ba                SysTick_Handler
 *fill*         0x00000000080018c6        0x2 
 .text.TIM2_IRQHandler
                0x00000000080018c8       0x14 ./Core/Src/stm32f1xx_it.o
                0x00000000080018c8                TIM2_IRQHandler
 .text.EXTI15_10_IRQHandler
                0x00000000080018dc       0x10 ./Core/Src/stm32f1xx_it.o
                0x00000000080018dc                EXTI15_10_IRQHandler
 .text.SystemInit
                0x00000000080018ec        0xc ./Core/Src/system_stm32f1xx.o
                0x00000000080018ec                SystemInit
 .text.Reset_Handler
                0x00000000080018f8       0x48 ./Core/Startup/startup_stm32f103rbtx.o
                0x00000000080018f8                Reset_Handler
 .text.Default_Handler
                0x0000000008001940        0x2 ./Core/Startup/startup_stm32f103rbtx.o
                0x0000000008001940                RTC_Alarm_IRQHandler
                0x0000000008001940                EXTI2_IRQHandler
                0x0000000008001940                TIM1_CC_IRQHandler
                0x0000000008001940                PVD_IRQHandler
                0x0000000008001940                EXTI3_IRQHandler
                0x0000000008001940                EXTI0_IRQHandler
                0x0000000008001940                I2C2_EV_IRQHandler
                0x0000000008001940                ADC1_2_IRQHandler
                0x0000000008001940                SPI1_IRQHandler
                0x0000000008001940                TAMPER_IRQHandler
                0x0000000008001940                DMA1_Channel4_IRQHandler
                0x0000000008001940                USART3_IRQHandler
                0x0000000008001940                RTC_IRQHandler
                0x0000000008001940                DMA1_Channel7_IRQHandler
                0x0000000008001940                CAN1_RX1_IRQHandler
                0x0000000008001940                TIM4_IRQHandler
                0x0000000008001940                I2C1_EV_IRQHandler
                0x0000000008001940                DMA1_Channel6_IRQHandler
                0x0000000008001940                TIM3_IRQHandler
                0x0000000008001940                RCC_IRQHandler
                0x0000000008001940                TIM1_TRG_COM_IRQHandler
                0x0000000008001940                DMA1_Channel1_IRQHandler
                0x0000000008001940                Default_Handler
                0x0000000008001940                EXTI9_5_IRQHandler
                0x0000000008001940                SPI2_IRQHandler
                0x0000000008001940                DMA1_Channel5_IRQHandler
                0x0000000008001940                EXTI4_IRQHandler
                0x0000000008001940                USB_LP_CAN1_RX0_IRQHandler
                0x0000000008001940                USB_HP_CAN1_TX_IRQHandler
                0x0000000008001940                DMA1_Channel3_IRQHandler
                0x0000000008001940                TIM1_UP_IRQHandler
                0x0000000008001940                WWDG_IRQHandler
                0x0000000008001940                TIM1_BRK_IRQHandler
                0x0000000008001940                EXTI1_IRQHandler
                0x0000000008001940                USART2_IRQHandler
                0x0000000008001940                I2C2_ER_IRQHandler
                0x0000000008001940                DMA1_Channel2_IRQHandler
                0x0000000008001940                CAN1_SCE_IRQHandler
                0x0000000008001940                FLASH_IRQHandler
                0x0000000008001940                USART1_IRQHandler
                0x0000000008001940                I2C1_ER_IRQHandler
                0x0000000008001940                USBWakeUp_IRQHandler
 *fill*         0x0000000008001942        0x2 
 .text.HAL_Init
                0x0000000008001944       0x2c ./Drivers/STM32F1xx_HAL_Driver/Src/stm32f1xx_hal.o
                0x0000000008001944                HAL_Init
 .text.HAL_InitTick
                0x0000000008001970       0x60 ./Drivers/STM32F1xx_HAL_Driver/Src/stm32f1xx_hal.o
                0x0000000008001970                HAL_InitTick
 .text.HAL_IncTick
                0x00000000080019d0       0x24 ./Drivers/STM32F1xx_HAL_Driver/Src/stm32f1xx_hal.o
                0x00000000080019d0                HAL_IncTick
 .text.HAL_GetTick
                0x00000000080019f4       0x14 ./Drivers/STM32F1xx_HAL_Driver/Src/stm32f1xx_hal.o
                0x00000000080019f4                HAL_GetTick
 .text.__NVIC_SetPriorityGrouping
                0x0000000008001a08       0x48 ./Drivers/STM32F1xx_HAL_Driver/Src/stm32f1xx_hal_cortex.o
 .text.__NVIC_GetPriorityGrouping
                0x0000000008001a50       0x1c ./Drivers/STM32F1xx_HAL_Driver/Src/stm32f1xx_hal_cortex.o
 .text.__NVIC_EnableIRQ
                0x0000000008001a6c       0x38 ./Drivers/STM32F1xx_HAL_Driver/Src/stm32f1xx_hal_cortex.o
 .text.__NVIC_SetPriority
                0x0000000008001aa4       0x54 ./Drivers/STM32F1xx_HAL_Driver/Src/stm32f1xx_hal_cortex.o
 .text.NVIC_EncodePriority
                0x0000000008001af8       0x64 ./Drivers/STM32F1xx_HAL_Driver/Src/stm32f1xx_hal_cortex.o
 .text.SysTick_Config
                0x0000000008001b5c       0x44 ./Drivers/STM32F1xx_HAL_Driver/Src/stm32f1xx_hal_cortex.o
 .text.HAL_NVIC_SetPriorityGrouping
                0x0000000008001ba0       0x16 ./Drivers/STM32F1xx_HAL_Driver/Src/stm32f1xx_hal_cortex.o
                0x0000000008001ba0                HAL_NVIC_SetPriorityGrouping
 .text.HAL_NVIC_SetPriority
                0x0000000008001bb6       0x38 ./Drivers/STM32F1xx_HAL_Driver/Src/stm32f1xx_hal_cortex.o
                0x0000000008001bb6                HAL_NVIC_SetPriority
 .text.HAL_NVIC_EnableIRQ
                0x0000000008001bee       0x1c ./Drivers/STM32F1xx_HAL_Driver/Src/stm32f1xx_hal_cortex.o
                0x0000000008001bee                HAL_NVIC_EnableIRQ
 .text.HAL_SYSTICK_Config
                0x0000000008001c0a       0x18 ./Drivers/STM32F1xx_HAL_Driver/Src/stm32f1xx_hal_cortex.o
                0x0000000008001c0a                HAL_SYSTICK_Config
 *fill*         0x0000000008001c22        0x2 
 .text.HAL_GPIO_Init
                0x0000000008001c24      0x308 ./Drivers/STM32F1xx_HAL_Driver/Src/stm32f1xx_hal_gpio.o
                0x0000000008001c24                HAL_GPIO_Init
 .text.HAL_GPIO_ReadPin
                0x0000000008001f2c       0x2e ./Drivers/STM32F1xx_HAL_Driver/Src/stm32f1xx_hal_gpio.o
                0x0000000008001f2c                HAL_GPIO_ReadPin
 .text.HAL_GPIO_WritePin
                0x0000000008001f5a       0x30 ./Drivers/STM32F1xx_HAL_Driver/Src/stm32f1xx_hal_gpio.o
                0x0000000008001f5a                HAL_GPIO_WritePin
 *fill*         0x0000000008001f8a        0x2 
 .text.HAL_GPIO_EXTI_IRQHandler
                0x0000000008001f8c       0x30 ./Drivers/STM32F1xx_HAL_Driver/Src/stm32f1xx_hal_gpio.o
                0x0000000008001f8c                HAL_GPIO_EXTI_IRQHandler
 .text.HAL_GPIO_EXTI_Callback
                0x0000000008001fbc       0x14 ./Drivers/STM32F1xx_HAL_Driver/Src/stm32f1xx_hal_gpio.o
                0x0000000008001fbc                HAL_GPIO_EXTI_Callback
 .text.HAL_RCC_OscConfig
                0x0000000008001fd0      0x504 ./Drivers/STM32F1xx_HAL_Driver/Src/stm32f1xx_hal_rcc.o
                0x0000000008001fd0                HAL_RCC_OscConfig
 .text.HAL_RCC_ClockConfig
                0x00000000080024d4      0x1d4 ./Drivers/STM32F1xx_HAL_Driver/Src/stm32f1xx_hal_rcc.o
                0x00000000080024d4                HAL_RCC_ClockConfig
 .text.HAL_RCC_GetSysClockFreq
                0x00000000080026a8       0xbc ./Drivers/STM32F1xx_HAL_Driver/Src/stm32f1xx_hal_rcc.o
                0x00000000080026a8                HAL_RCC_GetSysClockFreq
 .text.HAL_RCC_GetHCLKFreq
                0x0000000008002764       0x14 ./Drivers/STM32F1xx_HAL_Driver/Src/stm32f1xx_hal_rcc.o
                0x0000000008002764                HAL_RCC_GetHCLKFreq
 .text.HAL_RCC_GetPCLK1Freq
                0x0000000008002778       0x28 ./Drivers/STM32F1xx_HAL_Driver/Src/stm32f1xx_hal_rcc.o
                0x0000000008002778                HAL_RCC_GetPCLK1Freq
 .text.HAL_RCC_GetPCLK2Freq
                0x00000000080027a0       0x28 ./Drivers/STM32F1xx_HAL_Driver/Src/stm32f1xx_hal_rcc.o
                0x00000000080027a0                HAL_RCC_GetPCLK2Freq
 .text.RCC_Delay
                0x00000000080027c8       0x3c ./Drivers/STM32F1xx_HAL_Driver/Src/stm32f1xx_hal_rcc.o
 .text.HAL_TIM_Base_Init
                0x0000000008002804       0x9e ./Drivers/STM32F1xx_HAL_Driver/Src/stm32f1xx_hal_tim.o
                0x0000000008002804                HAL_TIM_Base_Init
 *fill*         0x00000000080028a2        0x2 
 .text.HAL_TIM_Base_Start_IT
                0x00000000080028a4       0xa4 ./Drivers/STM32F1xx_HAL_Driver/Src/stm32f1xx_hal_tim.o
                0x00000000080028a4                HAL_TIM_Base_Start_IT
 .text.HAL_TIM_IRQHandler
                0x0000000008002948      0x210 ./Drivers/STM32F1xx_HAL_Driver/Src/stm32f1xx_hal_tim.o
                0x0000000008002948                HAL_TIM_IRQHandler
 .text.HAL_TIM_ConfigClockSource
                0x0000000008002b58      0x188 ./Drivers/STM32F1xx_HAL_Driver/Src/stm32f1xx_hal_tim.o
                0x0000000008002b58                HAL_TIM_ConfigClockSource
 .text.HAL_TIM_OC_DelayElapsedCallback
                0x0000000008002ce0       0x12 ./Drivers/STM32F1xx_HAL_Driver/Src/stm32f1xx_hal_tim.o
                0x0000000008002ce0                HAL_TIM_OC_DelayElapsedCallback
 .text.HAL_TIM_IC_CaptureCallback
                0x0000000008002cf2       0x12 ./Drivers/STM32F1xx_HAL_Driver/Src/stm32f1xx_hal_tim.o
                0x0000000008002cf2                HAL_TIM_IC_CaptureCallback
 .text.HAL_TIM_PWM_PulseFinishedCallback
                0x0000000008002d04       0x12 ./Drivers/STM32F1xx_HAL_Driver/Src/stm32f1xx_hal_tim.o
                0x0000000008002d04                HAL_TIM_PWM_PulseFinishedCallback
 .text.HAL_TIM_TriggerCallback
                0x0000000008002d16       0x12 ./Drivers/STM32F1xx_HAL_Driver/Src/stm32f1xx_hal_tim.o
                0x0000000008002d16                HAL_TIM_TriggerCallback
 .text.TIM_Base_SetConfig
                0x0000000008002d28       0xc4 ./Drivers/STM32F1xx_HAL_Driver/Src/stm32f1xx_hal_tim.o
                0x0000000008002d28                TIM_Base_SetConfig
 .text.TIM_TI1_ConfigInputStage
                0x0000000008002dec       0x5c ./Drivers/STM32F1xx_HAL_Driver/Src/stm32f1xx_hal_tim.o
 .text.TIM_TI2_ConfigInputStage
                0x0000000008002e48       0x5e ./Drivers/STM32F1xx_HAL_Driver/Src/stm32f1xx_hal_tim.o
 .text.TIM_ITRx_SetConfig
                0x0000000008002ea6       0x34 ./Drivers/STM32F1xx_HAL_Driver/Src/stm32f1xx_hal_tim.o
 .text.TIM_ETR_SetConfig
                0x0000000008002eda       0x3e ./Drivers/STM32F1xx_HAL_Driver/Src/stm32f1xx_hal_tim.o
                0x0000000008002eda                TIM_ETR_SetConfig
 .text.HAL_TIMEx_MasterConfigSynchronization
                0x0000000008002f18       0xbc ./Drivers/STM32F1xx_HAL_Driver/Src/stm32f1xx_hal_tim_ex.o
                0x0000000008002f18                HAL_TIMEx_MasterConfigSynchronization
 .text.HAL_TIMEx_CommutCallback
                0x0000000008002fd4       0x12 ./Drivers/STM32F1xx_HAL_Driver/Src/stm32f1xx_hal_tim_ex.o
                0x0000000008002fd4                HAL_TIMEx_CommutCallback
 .text.HAL_TIMEx_BreakCallback
                0x0000000008002fe6       0x12 ./Drivers/STM32F1xx_HAL_Driver/Src/stm32f1xx_hal_tim_ex.o
                0x0000000008002fe6                HAL_TIMEx_BreakCallback
 .text.HAL_UART_Init
                0x0000000008002ff8       0x9a ./Drivers/STM32F1xx_HAL_Driver/Src/stm32f1xx_hal_uart.o
                0x0000000008002ff8                HAL_UART_Init
 *fill*         0x0000000008003092        0x2 
 .text.UART_SetConfig
                0x0000000008003094      0x11c ./Drivers/STM32F1xx_HAL_Driver/Src/stm32f1xx_hal_uart.o
 .text.__libc_init_array
                0x00000000080031b0       0x48 c:/st/stm32cubeide_1.11.0/stm32cubeide/plugins/com.st.stm32cube.ide.mcu.externaltools.gnu-tools-for-stm32.10.3-2021.10.win32_1.0.100.202210260954/tools/bin/../lib/gcc/arm-none-eabi/10.3.1/../../../../arm-none-eabi/lib/thumb/v7-m/nofp\libc_nano.a(lib_a-init.o)
                0x00000000080031b0                __libc_init_array
 .text.memset   0x00000000080031f8       0x10 c:/st/stm32cubeide_1.11.0/stm32cubeide/plugins/com.st.stm32cube.ide.mcu.externaltools.gnu-tools-for-stm32.10.3-2021.10.win32_1.0.100.202210260954/tools/bin/../lib/gcc/arm-none-eabi/10.3.1/../../../../arm-none-eabi/lib/thumb/v7-m/nofp\libc_nano.a(lib_a-memset.o)
                0x00000000080031f8                memset
 *(.glue_7)
 .glue_7        0x0000000008003208        0x0 linker stubs
 *(.glue_7t)
 .glue_7t       0x0000000008003208        0x0 linker stubs
 *(.eh_frame)
 .eh_frame      0x0000000008003208        0x0 c:/st/stm32cubeide_1.11.0/stm32cubeide/plugins/com.st.stm32cube.ide.mcu.externaltools.gnu-tools-for-stm32.10.3-2021.10.win32_1.0.100.202210260954/tools/bin/../lib/gcc/arm-none-eabi/10.3.1/thumb/v7-m/nofp/crtbegin.o
 *(.init)
 .init          0x0000000008003208        0x4 c:/st/stm32cubeide_1.11.0/stm32cubeide/plugins/com.st.stm32cube.ide.mcu.externaltools.gnu-tools-for-stm32.10.3-2021.10.win32_1.0.100.202210260954/tools/bin/../lib/gcc/arm-none-eabi/10.3.1/thumb/v7-m/nofp/crti.o
                0x0000000008003208                _init
 .init          0x000000000800320c        0x8 c:/st/stm32cubeide_1.11.0/stm32cubeide/plugins/com.st.stm32cube.ide.mcu.externaltools.gnu-tools-for-stm32.10.3-2021.10.win32_1.0.100.202210260954/tools/bin/../lib/gcc/arm-none-eabi/10.3.1/thumb/v7-m/nofp/crtn.o
 *(.fini)
 .fini          0x0000000008003214        0x4 c:/st/stm32cubeide_1.11.0/stm32cubeide/plugins/com.st.stm32cube.ide.mcu.externaltools.gnu-tools-for-stm32.10.3-2021.10.win32_1.0.100.202210260954/tools/bin/../lib/gcc/arm-none-eabi/10.3.1/thumb/v7-m/nofp/crti.o
                0x0000000008003214                _fini
 .fini          0x0000000008003218        0x8 c:/st/stm32cubeide_1.11.0/stm32cubeide/plugins/com.st.stm32cube.ide.mcu.externaltools.gnu-tools-for-stm32.10.3-2021.10.win32_1.0.100.202210260954/tools/bin/../lib/gcc/arm-none-eabi/10.3.1/thumb/v7-m/nofp/crtn.o
                0x0000000008003220                . = ALIGN (0x4)
                0x0000000008003220                _etext = .

.vfp11_veneer   0x0000000008003220        0x0
 .vfp11_veneer  0x0000000008003220        0x0 linker stubs

.v4_bx          0x0000000008003220        0x0
 .v4_bx         0x0000000008003220        0x0 linker stubs

.iplt           0x0000000008003220        0x0
 .iplt          0x0000000008003220        0x0 c:/st/stm32cubeide_1.11.0/stm32cubeide/plugins/com.st.stm32cube.ide.mcu.externaltools.gnu-tools-for-stm32.10.3-2021.10.win32_1.0.100.202210260954/tools/bin/../lib/gcc/arm-none-eabi/10.3.1/thumb/v7-m/nofp/crtbegin.o

.rodata         0x0000000008003220       0x28
                0x0000000008003220                . = ALIGN (0x4)
 *(.rodata)
 .rodata        0x0000000008003220       0x10 ./Drivers/STM32F1xx_HAL_Driver/Src/stm32f1xx_hal_rcc.o
 *(.rodata*)
 .rodata.AHBPrescTable
                0x0000000008003230       0x10 ./Core/Src/system_stm32f1xx.o
                0x0000000008003230                AHBPrescTable
 .rodata.APBPrescTable
                0x0000000008003240        0x8 ./Core/Src/system_stm32f1xx.o
                0x0000000008003240                APBPrescTable
                0x0000000008003248                . = ALIGN (0x4)

.rel.dyn        0x0000000008003248        0x0
 .rel.iplt      0x0000000008003248        0x0 c:/st/stm32cubeide_1.11.0/stm32cubeide/plugins/com.st.stm32cube.ide.mcu.externaltools.gnu-tools-for-stm32.10.3-2021.10.win32_1.0.100.202210260954/tools/bin/../lib/gcc/arm-none-eabi/10.3.1/thumb/v7-m/nofp/crtbegin.o

.ARM.extab      0x0000000008003248        0x0
                0x0000000008003248                . = ALIGN (0x4)
 *(.ARM.extab* .gnu.linkonce.armextab.*)
                0x0000000008003248                . = ALIGN (0x4)

.ARM            0x0000000008003248        0x0
                0x0000000008003248                . = ALIGN (0x4)
                0x0000000008003248                __exidx_start = .
 *(.ARM.exidx*)
                0x0000000008003248                __exidx_end = .
                0x0000000008003248                . = ALIGN (0x4)

.preinit_array  0x0000000008003248        0x0
                0x0000000008003248                . = ALIGN (0x4)
                0x0000000008003248                PROVIDE (__preinit_array_start = .)
 *(.preinit_array*)
                0x0000000008003248                PROVIDE (__preinit_array_end = .)
                0x0000000008003248                . = ALIGN (0x4)

.init_array     0x0000000008003248        0x4
                0x0000000008003248                . = ALIGN (0x4)
                0x0000000008003248                PROVIDE (__init_array_start = .)
 *(SORT_BY_NAME(.init_array.*))
 *(.init_array*)
 .init_array    0x0000000008003248        0x4 c:/st/stm32cubeide_1.11.0/stm32cubeide/plugins/com.st.stm32cube.ide.mcu.externaltools.gnu-tools-for-stm32.10.3-2021.10.win32_1.0.100.202210260954/tools/bin/../lib/gcc/arm-none-eabi/10.3.1/thumb/v7-m/nofp/crtbegin.o
                0x000000000800324c                PROVIDE (__init_array_end = .)
                0x000000000800324c                . = ALIGN (0x4)

.fini_array     0x000000000800324c        0x4
                0x000000000800324c                . = ALIGN (0x4)
                [!provide]                        PROVIDE (__fini_array_start = .)
 *(SORT_BY_NAME(.fini_array.*))
 *(.fini_array*)
 .fini_array    0x000000000800324c        0x4 c:/st/stm32cubeide_1.11.0/stm32cubeide/plugins/com.st.stm32cube.ide.mcu.externaltools.gnu-tools-for-stm32.10.3-2021.10.win32_1.0.100.202210260954/tools/bin/../lib/gcc/arm-none-eabi/10.3.1/thumb/v7-m/nofp/crtbegin.o
                [!provide]                        PROVIDE (__fini_array_end = .)
                0x0000000008003250                . = ALIGN (0x4)
                0x0000000008003250                _sidata = LOADADDR (.data)

.data           0x0000000020000000       0x54 load address 0x0000000008003250
                0x0000000020000000                . = ALIGN (0x4)
                0x0000000020000000                _sdata = .
 *(.data)
 *(.data*)
 .data.KeyReg0  0x0000000020000000        0xc ./Core/Src/button.o
                0x0000000020000000                KeyReg0
 .data.KeyReg1  0x000000002000000c        0xc ./Core/Src/button.o
                0x000000002000000c                KeyReg1
 .data.KeyReg2  0x0000000020000018        0xc ./Core/Src/button.o
                0x0000000020000018                KeyReg2
 .data.KeyReg3  0x0000000020000024        0xc ./Core/Src/button.o
                0x0000000020000024                KeyReg3
 .data.TimeOutForKeyPress
                0x0000000020000030        0xc ./Core/Src/button.o
                0x0000000020000030                TimeOutForKeyPress
 .data.but2     0x000000002000003c        0x4 ./Core/Src/global.o
                0x000000002000003c                but2
 .data.but3     0x0000000020000040        0x4 ./Core/Src/global.o
                0x0000000020000040                but3
 .data.TIMER_CYCLE
                0x0000000020000044        0x4 ./Core/Src/software_timer.o
                0x0000000020000044                TIMER_CYCLE
 .data.SystemCoreClock
                0x0000000020000048        0x4 ./Core/Src/system_stm32f1xx.o
                0x0000000020000048                SystemCoreClock
 .data.uwTickPrio
                0x000000002000004c        0x4 ./Drivers/STM32F1xx_HAL_Driver/Src/stm32f1xx_hal.o
                0x000000002000004c                uwTickPrio
 .data.uwTickFreq
                0x0000000020000050        0x1 ./Drivers/STM32F1xx_HAL_Driver/Src/stm32f1xx_hal.o
                0x0000000020000050                uwTickFreq
 *(.RamFunc)
 *(.RamFunc*)
                0x0000000020000054                . = ALIGN (0x4)
 *fill*         0x0000000020000051        0x3 
                0x0000000020000054                _edata = .

.igot.plt       0x0000000020000054        0x0 load address 0x00000000080032a4
 .igot.plt      0x0000000020000054        0x0 c:/st/stm32cubeide_1.11.0/stm32cubeide/plugins/com.st.stm32cube.ide.mcu.externaltools.gnu-tools-for-stm32.10.3-2021.10.win32_1.0.100.202210260954/tools/bin/../lib/gcc/arm-none-eabi/10.3.1/thumb/v7-m/nofp/crtbegin.o
                0x0000000020000054                . = ALIGN (0x4)

.bss            0x0000000020000054      0x130 load address 0x00000000080032a4
                0x0000000020000054                _sbss = .
                0x0000000020000054                __bss_start__ = _sbss
 *(.bss)
 .bss           0x0000000020000054       0x1c c:/st/stm32cubeide_1.11.0/stm32cubeide/plugins/com.st.stm32cube.ide.mcu.externaltools.gnu-tools-for-stm32.10.3-2021.10.win32_1.0.100.202210260954/tools/bin/../lib/gcc/arm-none-eabi/10.3.1/thumb/v7-m/nofp/crtbegin.o
 *(.bss*)
 .bss.button_flag
                0x0000000020000070        0xc ./Core/Src/button.o
                0x0000000020000070                button_flag
 .bss.status_mode
                0x000000002000007c        0x4 ./Core/Src/global.o
                0x000000002000007c                status_mode
 .bss.status_display
                0x0000000020000080        0x4 ./Core/Src/global.o
                0x0000000020000080                status_display
 .bss.num_led   0x0000000020000084        0x4 ./Core/Src/global.o
                0x0000000020000084                num_led
 .bss.but1      0x0000000020000088        0x4 ./Core/Src/global.o
                0x0000000020000088                but1
 .bss.buttonBuffer
                0x000000002000008c        0x3 ./Core/Src/input_reading.o
 *fill*         0x000000002000008f        0x1 
 .bss.debounceButtonBuffer0
                0x0000000020000090        0x3 ./Core/Src/input_reading.o
 *fill*         0x0000000020000093        0x1 
 .bss.debounceButtonBuffer1
                0x0000000020000094        0x3 ./Core/Src/input_reading.o
 *fill*         0x0000000020000097        0x1 
 .bss.debounceButtonBuffer2
                0x0000000020000098        0x3 ./Core/Src/input_reading.o
 *fill*         0x000000002000009b        0x1 
 .bss.flagForButtonPress1s
                0x000000002000009c        0x3 ./Core/Src/input_reading.o
 *fill*         0x000000002000009f        0x1 
 .bss.flagForButton
                0x00000000200000a0        0x3 ./Core/Src/input_reading.o
 *fill*         0x00000000200000a3        0x1 
 .bss.counterForButtonPress1s
                0x00000000200000a4        0x6 ./Core/Src/input_reading.o
 *fill*         0x00000000200000aa        0x2 
 .bss.counterForButtonAfterPress1s
                0x00000000200000ac        0x6 ./Core/Src/input_reading.o
 *fill*         0x00000000200000b2        0x2 
 .bss.buttonState
                0x00000000200000b4        0x3 ./Core/Src/input_reading.o
                0x00000000200000b4                buttonState
 *fill*         0x00000000200000b7        0x1 
 .bss.counter10S
                0x00000000200000b8        0x4 ./Core/Src/input_reading.o
                0x00000000200000b8                counter10S
 .bss.htim2     0x00000000200000bc       0x48 ./Core/Src/main.o
                0x00000000200000bc                htim2
 .bss.huart2    0x0000000020000104       0x44 ./Core/Src/main.o
                0x0000000020000104                huart2
 .bss.timer0_flag
                0x0000000020000148        0x4 ./Core/Src/software_timer.o
                0x0000000020000148                timer0_flag
 .bss.timer1_flag
                0x000000002000014c        0x4 ./Core/Src/software_timer.o
                0x000000002000014c                timer1_flag
 .bss.timer2_flag
                0x0000000020000150        0x4 ./Core/Src/software_timer.o
                0x0000000020000150                timer2_flag
 .bss.timer3_flag
                0x0000000020000154        0x4 ./Core/Src/software_timer.o
                0x0000000020000154                timer3_flag
 .bss.timer4_flag
                0x0000000020000158        0x4 ./Core/Src/software_timer.o
                0x0000000020000158                timer4_flag
 .bss.timer5_flag
                0x000000002000015c        0x4 ./Core/Src/software_timer.o
                0x000000002000015c                timer5_flag
 .bss.timer6_flag
                0x0000000020000160        0x4 ./Core/Src/software_timer.o
                0x0000000020000160                timer6_flag
 .bss.timer0_counter
                0x0000000020000164        0x4 ./Core/Src/software_timer.o
                0x0000000020000164                timer0_counter
 .bss.timer1_counter
                0x0000000020000168        0x4 ./Core/Src/software_timer.o
                0x0000000020000168                timer1_counter
 .bss.timer2_counter
                0x000000002000016c        0x4 ./Core/Src/software_timer.o
                0x000000002000016c                timer2_counter
 .bss.timer3_counter
                0x0000000020000170        0x4 ./Core/Src/software_timer.o
                0x0000000020000170                timer3_counter
 .bss.timer4_counter
                0x0000000020000174        0x4 ./Core/Src/software_timer.o
                0x0000000020000174                timer4_counter
 .bss.timer5_counter
                0x0000000020000178        0x4 ./Core/Src/software_timer.o
                0x0000000020000178                timer5_counter
 .bss.timer6_counter
                0x000000002000017c        0x4 ./Core/Src/software_timer.o
                0x000000002000017c                timer6_counter
 .bss.uwTick    0x0000000020000180        0x4 ./Drivers/STM32F1xx_HAL_Driver/Src/stm32f1xx_hal.o
                0x0000000020000180                uwTick
 *(COMMON)
                0x0000000020000184                . = ALIGN (0x4)
                0x0000000020000184                _ebss = .
                0x0000000020000184                __bss_end__ = _ebss

._user_heap_stack
                0x0000000020000184      0x604 load address 0x00000000080032a4
                0x0000000020000188                . = ALIGN (0x8)
 *fill*         0x0000000020000184        0x4 
                [!provide]                        PROVIDE (end = .)
                0x0000000020000188                PROVIDE (_end = .)
                0x0000000020000388                . = (. + _Min_Heap_Size)
 *fill*         0x0000000020000188      0x200 
                0x0000000020000788                . = (. + _Min_Stack_Size)
 *fill*         0x0000000020000388      0x400 
                0x0000000020000788                . = ALIGN (0x8)

/DISCARD/
 libc.a(*)
 libm.a(*)
 libgcc.a(*)

.ARM.attributes
                0x0000000000000000       0x29
 *(.ARM.attributes)
 .ARM.attributes
                0x0000000000000000       0x1d c:/st/stm32cubeide_1.11.0/stm32cubeide/plugins/com.st.stm32cube.ide.mcu.externaltools.gnu-tools-for-stm32.10.3-2021.10.win32_1.0.100.202210260954/tools/bin/../lib/gcc/arm-none-eabi/10.3.1/thumb/v7-m/nofp/crti.o
 .ARM.attributes
                0x000000000000001d       0x2d c:/st/stm32cubeide_1.11.0/stm32cubeide/plugins/com.st.stm32cube.ide.mcu.externaltools.gnu-tools-for-stm32.10.3-2021.10.win32_1.0.100.202210260954/tools/bin/../lib/gcc/arm-none-eabi/10.3.1/thumb/v7-m/nofp/crtbegin.o
 .ARM.attributes
                0x000000000000004a       0x2d ./Core/Src/button.o
 .ARM.attributes
                0x0000000000000077       0x2d ./Core/Src/fsm_display.o
 .ARM.attributes
                0x00000000000000a4       0x2d ./Core/Src/fsm_mode.o
 .ARM.attributes
                0x00000000000000d1       0x2d ./Core/Src/global.o
 .ARM.attributes
                0x00000000000000fe       0x2d ./Core/Src/input_reading.o
 .ARM.attributes
                0x000000000000012b       0x2d ./Core/Src/led_display.o
 .ARM.attributes
                0x0000000000000158       0x2d ./Core/Src/main.o
 .ARM.attributes
                0x0000000000000185       0x2d ./Core/Src/software_timer.o
 .ARM.attributes
                0x00000000000001b2       0x2d ./Core/Src/stm32f1xx_hal_msp.o
 .ARM.attributes
                0x00000000000001df       0x2d ./Core/Src/stm32f1xx_it.o
 .ARM.attributes
                0x000000000000020c       0x2d ./Core/Src/system_stm32f1xx.o
 .ARM.attributes
                0x0000000000000239       0x21 ./Core/Startup/startup_stm32f103rbtx.o
 .ARM.attributes
                0x000000000000025a       0x2d ./Drivers/STM32F1xx_HAL_Driver/Src/stm32f1xx_hal.o
 .ARM.attributes
                0x0000000000000287       0x2d ./Drivers/STM32F1xx_HAL_Driver/Src/stm32f1xx_hal_cortex.o
 .ARM.attributes
                0x00000000000002b4       0x2d ./Drivers/STM32F1xx_HAL_Driver/Src/stm32f1xx_hal_gpio.o
 .ARM.attributes
                0x00000000000002e1       0x2d ./Drivers/STM32F1xx_HAL_Driver/Src/stm32f1xx_hal_rcc.o
 .ARM.attributes
                0x000000000000030e       0x2d ./Drivers/STM32F1xx_HAL_Driver/Src/stm32f1xx_hal_tim.o
 .ARM.attributes
                0x000000000000033b       0x2d ./Drivers/STM32F1xx_HAL_Driver/Src/stm32f1xx_hal_tim_ex.o
 .ARM.attributes
                0x0000000000000368       0x2d ./Drivers/STM32F1xx_HAL_Driver/Src/stm32f1xx_hal_uart.o
 .ARM.attributes
                0x0000000000000395       0x2d c:/st/stm32cubeide_1.11.0/stm32cubeide/plugins/com.st.stm32cube.ide.mcu.externaltools.gnu-tools-for-stm32.10.3-2021.10.win32_1.0.100.202210260954/tools/bin/../lib/gcc/arm-none-eabi/10.3.1/../../../../arm-none-eabi/lib/thumb/v7-m/nofp\libc_nano.a(lib_a-init.o)
 .ARM.attributes
                0x00000000000003c2       0x2d c:/st/stm32cubeide_1.11.0/stm32cubeide/plugins/com.st.stm32cube.ide.mcu.externaltools.gnu-tools-for-stm32.10.3-2021.10.win32_1.0.100.202210260954/tools/bin/../lib/gcc/arm-none-eabi/10.3.1/../../../../arm-none-eabi/lib/thumb/v7-m/nofp\libc_nano.a(lib_a-memset.o)
 .ARM.attributes
                0x00000000000003ef       0x1d c:/st/stm32cubeide_1.11.0/stm32cubeide/plugins/com.st.stm32cube.ide.mcu.externaltools.gnu-tools-for-stm32.10.3-2021.10.win32_1.0.100.202210260954/tools/bin/../lib/gcc/arm-none-eabi/10.3.1/thumb/v7-m/nofp/crtn.o
OUTPUT(Digital_Clock.elf elf32-littlearm)
LOAD linker stubs
LOAD c:/st/stm32cubeide_1.11.0/stm32cubeide/plugins/com.st.stm32cube.ide.mcu.externaltools.gnu-tools-for-stm32.10.3-2021.10.win32_1.0.100.202210260954/tools/bin/../lib/gcc/arm-none-eabi/10.3.1/../../../../arm-none-eabi/lib/thumb/v7-m/nofp\libc.a
LOAD c:/st/stm32cubeide_1.11.0/stm32cubeide/plugins/com.st.stm32cube.ide.mcu.externaltools.gnu-tools-for-stm32.10.3-2021.10.win32_1.0.100.202210260954/tools/bin/../lib/gcc/arm-none-eabi/10.3.1/../../../../arm-none-eabi/lib/thumb/v7-m/nofp\libm.a
LOAD c:/st/stm32cubeide_1.11.0/stm32cubeide/plugins/com.st.stm32cube.ide.mcu.externaltools.gnu-tools-for-stm32.10.3-2021.10.win32_1.0.100.202210260954/tools/bin/../lib/gcc/arm-none-eabi/10.3.1/thumb/v7-m/nofp\libgcc.a

.debug_info     0x0000000000000000     0xad1c
 .debug_info    0x0000000000000000      0x214 ./Core/Src/button.o
 .debug_info    0x0000000000000214      0x10b ./Core/Src/fsm_display.o
 .debug_info    0x000000000000031f      0x163 ./Core/Src/fsm_mode.o
 .debug_info    0x0000000000000482      0x257 ./Core/Src/global.o
 .debug_info    0x00000000000006d9      0x397 ./Core/Src/input_reading.o
 .debug_info    0x0000000000000a70      0x1b5 ./Core/Src/led_display.o
 .debug_info    0x0000000000000c25     0x10b3 ./Core/Src/main.o
 .debug_info    0x0000000000001cd8      0x3ab ./Core/Src/software_timer.o
 .debug_info    0x0000000000002083      0xd82 ./Core/Src/stm32f1xx_hal_msp.o
 .debug_info    0x0000000000002e05      0x726 ./Core/Src/stm32f1xx_it.o
 .debug_info    0x000000000000352b      0x23d ./Core/Src/system_stm32f1xx.o
 .debug_info    0x0000000000003768       0x22 ./Core/Startup/startup_stm32f103rbtx.o
 .debug_info    0x000000000000378a      0x734 ./Drivers/STM32F1xx_HAL_Driver/Src/stm32f1xx_hal.o
 .debug_info    0x0000000000003ebe      0xb20 ./Drivers/STM32F1xx_HAL_Driver/Src/stm32f1xx_hal_cortex.o
 .debug_info    0x00000000000049de      0x615 ./Drivers/STM32F1xx_HAL_Driver/Src/stm32f1xx_hal_gpio.o
 .debug_info    0x0000000000004ff3      0x860 ./Drivers/STM32F1xx_HAL_Driver/Src/stm32f1xx_hal_rcc.o
 .debug_info    0x0000000000005853     0x29de ./Drivers/STM32F1xx_HAL_Driver/Src/stm32f1xx_hal_tim.o
 .debug_info    0x0000000000008231     0x1513 ./Drivers/STM32F1xx_HAL_Driver/Src/stm32f1xx_hal_tim_ex.o
 .debug_info    0x0000000000009744     0x15d8 ./Drivers/STM32F1xx_HAL_Driver/Src/stm32f1xx_hal_uart.o

.debug_abbrev   0x0000000000000000     0x1ed8
 .debug_abbrev  0x0000000000000000      0x11d ./Core/Src/button.o
 .debug_abbrev  0x000000000000011d       0xce ./Core/Src/fsm_display.o
 .debug_abbrev  0x00000000000001eb       0xcb ./Core/Src/fsm_mode.o
 .debug_abbrev  0x00000000000002b6       0x7c ./Core/Src/global.o
 .debug_abbrev  0x0000000000000332      0x1ba ./Core/Src/input_reading.o
 .debug_abbrev  0x00000000000004ec      0x107 ./Core/Src/led_display.o
 .debug_abbrev  0x00000000000005f3      0x2ff ./Core/Src/main.o
 .debug_abbrev  0x00000000000008f2       0xb6 ./Core/Src/software_timer.o
 .debug_abbrev  0x00000000000009a8      0x1c5 ./Core/Src/stm32f1xx_hal_msp.o
 .debug_abbrev  0x0000000000000b6d      0x199 ./Core/Src/stm32f1xx_it.o
 .debug_abbrev  0x0000000000000d06      0x13b ./Core/Src/system_stm32f1xx.o
 .debug_abbrev  0x0000000000000e41       0x12 ./Core/Startup/startup_stm32f103rbtx.o
 .debug_abbrev  0x0000000000000e53      0x1fb ./Drivers/STM32F1xx_HAL_Driver/Src/stm32f1xx_hal.o
 .debug_abbrev  0x000000000000104e      0x2ed ./Drivers/STM32F1xx_HAL_Driver/Src/stm32f1xx_hal_cortex.o
 .debug_abbrev  0x000000000000133b      0x1bb ./Drivers/STM32F1xx_HAL_Driver/Src/stm32f1xx_hal_gpio.o
 .debug_abbrev  0x00000000000014f6      0x2a8 ./Drivers/STM32F1xx_HAL_Driver/Src/stm32f1xx_hal_rcc.o
 .debug_abbrev  0x000000000000179e      0x25d ./Drivers/STM32F1xx_HAL_Driver/Src/stm32f1xx_hal_tim.o
 .debug_abbrev  0x00000000000019fb      0x265 ./Drivers/STM32F1xx_HAL_Driver/Src/stm32f1xx_hal_tim_ex.o
 .debug_abbrev  0x0000000000001c60      0x278 ./Drivers/STM32F1xx_HAL_Driver/Src/stm32f1xx_hal_uart.o

.debug_aranges  0x0000000000000000      0xd10
 .debug_aranges
                0x0000000000000000       0x20 ./Core/Src/button.o
 .debug_aranges
                0x0000000000000020       0x28 ./Core/Src/fsm_display.o
 .debug_aranges
                0x0000000000000048       0x20 ./Core/Src/fsm_mode.o
 .debug_aranges
                0x0000000000000068       0x20 ./Core/Src/global.o
 .debug_aranges
                0x0000000000000088       0x40 ./Core/Src/input_reading.o
 .debug_aranges
                0x00000000000000c8       0x30 ./Core/Src/led_display.o
 .debug_aranges
                0x00000000000000f8       0x50 ./Core/Src/main.o
 .debug_aranges
                0x0000000000000148       0xc8 ./Core/Src/software_timer.o
 .debug_aranges
                0x0000000000000210       0x40 ./Core/Src/stm32f1xx_hal_msp.o
 .debug_aranges
                0x0000000000000250       0x70 ./Core/Src/stm32f1xx_it.o
 .debug_aranges
                0x00000000000002c0       0x28 ./Core/Src/system_stm32f1xx.o
 .debug_aranges
                0x00000000000002e8       0x28 ./Core/Startup/startup_stm32f103rbtx.o
 .debug_aranges
                0x0000000000000310       0xe0 ./Drivers/STM32F1xx_HAL_Driver/Src/stm32f1xx_hal.o
 .debug_aranges
                0x00000000000003f0      0x100 ./Drivers/STM32F1xx_HAL_Driver/Src/stm32f1xx_hal_cortex.o
 .debug_aranges
                0x00000000000004f0       0x58 ./Drivers/STM32F1xx_HAL_Driver/Src/stm32f1xx_hal_gpio.o
 .debug_aranges
                0x0000000000000548       0x90 ./Drivers/STM32F1xx_HAL_Driver/Src/stm32f1xx_hal_rcc.o
 .debug_aranges
                0x00000000000005d8      0x3d0 ./Drivers/STM32F1xx_HAL_Driver/Src/stm32f1xx_hal_tim.o
 .debug_aranges
                0x00000000000009a8      0x168 ./Drivers/STM32F1xx_HAL_Driver/Src/stm32f1xx_hal_tim_ex.o
 .debug_aranges
                0x0000000000000b10      0x200 ./Drivers/STM32F1xx_HAL_Driver/Src/stm32f1xx_hal_uart.o

.debug_ranges   0x0000000000000000      0xc18
 .debug_ranges  0x0000000000000000       0x10 ./Core/Src/button.o
 .debug_ranges  0x0000000000000010       0x18 ./Core/Src/fsm_display.o
 .debug_ranges  0x0000000000000028       0x10 ./Core/Src/fsm_mode.o
 .debug_ranges  0x0000000000000038       0x10 ./Core/Src/global.o
 .debug_ranges  0x0000000000000048       0x30 ./Core/Src/input_reading.o
 .debug_ranges  0x0000000000000078       0x20 ./Core/Src/led_display.o
 .debug_ranges  0x0000000000000098       0x40 ./Core/Src/main.o
 .debug_ranges  0x00000000000000d8       0xb8 ./Core/Src/software_timer.o
 .debug_ranges  0x0000000000000190       0x30 ./Core/Src/stm32f1xx_hal_msp.o
 .debug_ranges  0x00000000000001c0       0x60 ./Core/Src/stm32f1xx_it.o
 .debug_ranges  0x0000000000000220       0x18 ./Core/Src/system_stm32f1xx.o
 .debug_ranges  0x0000000000000238       0x20 ./Core/Startup/startup_stm32f103rbtx.o
 .debug_ranges  0x0000000000000258       0xd0 ./Drivers/STM32F1xx_HAL_Driver/Src/stm32f1xx_hal.o
 .debug_ranges  0x0000000000000328       0xf0 ./Drivers/STM32F1xx_HAL_Driver/Src/stm32f1xx_hal_cortex.o
 .debug_ranges  0x0000000000000418       0x48 ./Drivers/STM32F1xx_HAL_Driver/Src/stm32f1xx_hal_gpio.o
 .debug_ranges  0x0000000000000460       0x80 ./Drivers/STM32F1xx_HAL_Driver/Src/stm32f1xx_hal_rcc.o
 .debug_ranges  0x00000000000004e0      0x3c0 ./Drivers/STM32F1xx_HAL_Driver/Src/stm32f1xx_hal_tim.o
 .debug_ranges  0x00000000000008a0      0x158 ./Drivers/STM32F1xx_HAL_Driver/Src/stm32f1xx_hal_tim_ex.o
 .debug_ranges  0x00000000000009f8      0x220 ./Drivers/STM32F1xx_HAL_Driver/Src/stm32f1xx_hal_uart.o

.debug_macro    0x0000000000000000    0x183c7
 .debug_macro   0x0000000000000000      0x1d0 ./Core/Src/button.o
 .debug_macro   0x00000000000001d0      0xa6c ./Core/Src/button.o
 .debug_macro   0x0000000000000c3c      0x21b ./Core/Src/button.o
 .debug_macro   0x0000000000000e57       0x2e ./Core/Src/button.o
 .debug_macro   0x0000000000000e85       0x22 ./Core/Src/button.o
 .debug_macro   0x0000000000000ea7       0x22 ./Core/Src/button.o
 .debug_macro   0x0000000000000ec9       0x8e ./Core/Src/button.o
 .debug_macro   0x0000000000000f57       0x51 ./Core/Src/button.o
 .debug_macro   0x0000000000000fa8      0x103 ./Core/Src/button.o
 .debug_macro   0x00000000000010ab       0x6a ./Core/Src/button.o
 .debug_macro   0x0000000000001115      0x1df ./Core/Src/button.o
 .debug_macro   0x00000000000012f4       0x1c ./Core/Src/button.o
 .debug_macro   0x0000000000001310       0x22 ./Core/Src/button.o
 .debug_macro   0x0000000000001332       0xbd ./Core/Src/button.o
 .debug_macro   0x00000000000013ef      0xd23 ./Core/Src/button.o
 .debug_macro   0x0000000000002112     0xe09e ./Core/Src/button.o
 .debug_macro   0x00000000000101b0       0x6d ./Core/Src/button.o
 .debug_macro   0x000000000001021d     0x3468 ./Core/Src/button.o
 .debug_macro   0x0000000000013685      0x174 ./Core/Src/button.o
 .debug_macro   0x00000000000137f9       0x5c ./Core/Src/button.o
 .debug_macro   0x0000000000013855      0x5be ./Core/Src/button.o
 .debug_macro   0x0000000000013e13      0x289 ./Core/Src/button.o
 .debug_macro   0x000000000001409c      0x1cb ./Core/Src/button.o
 .debug_macro   0x0000000000014267      0x114 ./Core/Src/button.o
 .debug_macro   0x000000000001437b      0x1b2 ./Core/Src/button.o
 .debug_macro   0x000000000001452d       0x27 ./Core/Src/button.o
 .debug_macro   0x0000000000014554      0x136 ./Core/Src/button.o
 .debug_macro   0x000000000001468a      0x1bc ./Core/Src/button.o
 .debug_macro   0x0000000000014846       0x34 ./Core/Src/button.o
 .debug_macro   0x000000000001487a       0x3c ./Core/Src/button.o
 .debug_macro   0x00000000000148b6       0x57 ./Core/Src/button.o
 .debug_macro   0x000000000001490d       0x88 ./Core/Src/button.o
 .debug_macro   0x0000000000014995      0x241 ./Core/Src/button.o
 .debug_macro   0x0000000000014bd6      0x141 ./Core/Src/button.o
 .debug_macro   0x0000000000014d17      0x8d1 ./Core/Src/button.o
 .debug_macro   0x00000000000155e8      0x279 ./Core/Src/button.o
 .debug_macro   0x0000000000015861       0x83 ./Core/Src/button.o
 .debug_macro   0x00000000000158e4       0xfa ./Core/Src/button.o
 .debug_macro   0x00000000000159de       0x94 ./Core/Src/button.o
 .debug_macro   0x0000000000015a72       0x10 ./Core/Src/button.o
 .debug_macro   0x0000000000015a82      0x233 ./Core/Src/fsm_display.o
 .debug_macro   0x0000000000015cb5      0x208 ./Core/Src/fsm_mode.o
 .debug_macro   0x0000000000015ebd      0x1bb ./Core/Src/global.o
 .debug_macro   0x0000000000016078      0x1f1 ./Core/Src/input_reading.o
 .debug_macro   0x0000000000016269      0x1d3 ./Core/Src/led_display.o
 .debug_macro   0x000000000001643c      0x384 ./Core/Src/main.o
 .debug_macro   0x00000000000167c0       0x52 ./Core/Src/main.o
 .debug_macro   0x0000000000016812       0x18 ./Core/Src/main.o
 .debug_macro   0x000000000001682a       0x3c ./Core/Src/main.o
 .debug_macro   0x0000000000016866       0x34 ./Core/Src/main.o
 .debug_macro   0x000000000001689a       0x16 ./Core/Src/main.o
 .debug_macro   0x00000000000168b0       0x35 ./Core/Src/main.o
 .debug_macro   0x00000000000168e5      0x341 ./Core/Src/main.o
 .debug_macro   0x0000000000016c26       0x10 ./Core/Src/main.o
 .debug_macro   0x0000000000016c36       0x16 ./Core/Src/main.o
 .debug_macro   0x0000000000016c4c       0x43 ./Core/Src/main.o
 .debug_macro   0x0000000000016c8f       0x34 ./Core/Src/main.o
 .debug_macro   0x0000000000016cc3       0x10 ./Core/Src/main.o
 .debug_macro   0x0000000000016cd3       0x58 ./Core/Src/main.o
 .debug_macro   0x0000000000016d2b       0x71 ./Core/Src/main.o
 .debug_macro   0x0000000000016d9c       0x1c ./Core/Src/main.o
 .debug_macro   0x0000000000016db8      0x12a ./Core/Src/main.o
 .debug_macro   0x0000000000016ee2       0x10 ./Core/Src/main.o
 .debug_macro   0x0000000000016ef2       0x1c ./Core/Src/main.o
 .debug_macro   0x0000000000016f0e       0x52 ./Core/Src/main.o
 .debug_macro   0x0000000000016f60       0x22 ./Core/Src/main.o
 .debug_macro   0x0000000000016f82       0x10 ./Core/Src/main.o
 .debug_macro   0x0000000000016f92       0x52 ./Core/Src/main.o
 .debug_macro   0x0000000000016fe4       0xd5 ./Core/Src/main.o
 .debug_macro   0x00000000000170b9       0x1c ./Core/Src/main.o
 .debug_macro   0x00000000000170d5       0x3d ./Core/Src/main.o
 .debug_macro   0x0000000000017112       0x16 ./Core/Src/main.o
 .debug_macro   0x0000000000017128      0x145 ./Core/Src/main.o
 .debug_macro   0x000000000001726d       0x16 ./Core/Src/main.o
 .debug_macro   0x0000000000017283       0x1b ./Core/Src/software_timer.o
 .debug_macro   0x000000000001729e      0x1b2 ./Core/Src/stm32f1xx_hal_msp.o
 .debug_macro   0x0000000000017450      0x1bc ./Core/Src/stm32f1xx_it.o
 .debug_macro   0x000000000001760c      0x1a3 ./Core/Src/system_stm32f1xx.o
 .debug_macro   0x00000000000177af      0x1c7 ./Drivers/STM32F1xx_HAL_Driver/Src/stm32f1xx_hal.o
 .debug_macro   0x0000000000017976      0x1a3 ./Drivers/STM32F1xx_HAL_Driver/Src/stm32f1xx_hal_cortex.o
 .debug_macro   0x0000000000017b19      0x20e ./Drivers/STM32F1xx_HAL_Driver/Src/stm32f1xx_hal_gpio.o
 .debug_macro   0x0000000000017d27      0x1b5 ./Drivers/STM32F1xx_HAL_Driver/Src/stm32f1xx_hal_rcc.o
 .debug_macro   0x0000000000017edc      0x1a4 ./Drivers/STM32F1xx_HAL_Driver/Src/stm32f1xx_hal_tim.o
 .debug_macro   0x0000000000018080      0x1a3 ./Drivers/STM32F1xx_HAL_Driver/Src/stm32f1xx_hal_tim_ex.o
 .debug_macro   0x0000000000018223      0x1a4 ./Drivers/STM32F1xx_HAL_Driver/Src/stm32f1xx_hal_uart.o

.debug_line     0x0000000000000000     0xe0dc
 .debug_line    0x0000000000000000      0x70b ./Core/Src/button.o
 .debug_line    0x000000000000070b      0x7fc ./Core/Src/fsm_display.o
 .debug_line    0x0000000000000f07      0x74d ./Core/Src/fsm_mode.o
 .debug_line    0x0000000000001654      0x679 ./Core/Src/global.o
 .debug_line    0x0000000000001ccd      0x8a3 ./Core/Src/input_reading.o
 .debug_line    0x0000000000002570      0x786 ./Core/Src/led_display.o
 .debug_line    0x0000000000002cf6      0xa41 ./Core/Src/main.o
 .debug_line    0x0000000000003737      0x373 ./Core/Src/software_timer.o
 .debug_line    0x0000000000003aaa      0x6fe ./Core/Src/stm32f1xx_hal_msp.o
 .debug_line    0x00000000000041a8      0x76c ./Core/Src/stm32f1xx_it.o
 .debug_line    0x0000000000004914      0x6f8 ./Core/Src/system_stm32f1xx.o
 .debug_line    0x000000000000500c       0x87 ./Core/Startup/startup_stm32f103rbtx.o
 .debug_line    0x0000000000005093      0x925 ./Drivers/STM32F1xx_HAL_Driver/Src/stm32f1xx_hal.o
 .debug_line    0x00000000000059b8      0xb0d ./Drivers/STM32F1xx_HAL_Driver/Src/stm32f1xx_hal_cortex.o
 .debug_line    0x00000000000064c5      0x9bc ./Drivers/STM32F1xx_HAL_Driver/Src/stm32f1xx_hal_gpio.o
 .debug_line    0x0000000000006e81      0xd33 ./Drivers/STM32F1xx_HAL_Driver/Src/stm32f1xx_hal_rcc.o
 .debug_line    0x0000000000007bb4     0x32db ./Drivers/STM32F1xx_HAL_Driver/Src/stm32f1xx_hal_tim.o
 .debug_line    0x000000000000ae8f     0x184d ./Drivers/STM32F1xx_HAL_Driver/Src/stm32f1xx_hal_tim_ex.o
 .debug_line    0x000000000000c6dc     0x1a00 ./Drivers/STM32F1xx_HAL_Driver/Src/stm32f1xx_hal_uart.o

.debug_str      0x0000000000000000    0x8aa80
 .debug_str     0x0000000000000000    0x8349b ./Core/Src/button.o
                                      0x837ef (size before relaxing)
 .debug_str     0x000000000008349b      0x124 ./Core/Src/fsm_display.o
                                      0x837e0 (size before relaxing)
 .debug_str     0x00000000000835bf       0xbc ./Core/Src/fsm_mode.o
                                      0x83835 (size before relaxing)
 .debug_str     0x000000000008367b       0x8e ./Core/Src/global.o
                                      0x8377c (size before relaxing)
 .debug_str     0x0000000000083709      0x236 ./Core/Src/input_reading.o
                                      0x839ba (size before relaxing)
 .debug_str     0x000000000008393f       0x37 ./Core/Src/led_display.o
                                      0x837aa (size before relaxing)
 .debug_str     0x0000000000083976     0x4998 ./Core/Src/main.o
                                      0x8831d (size before relaxing)
 .debug_str     0x000000000008830e      0x15e ./Core/Src/software_timer.o
                                       0x2e7b (size before relaxing)
 .debug_str     0x000000000008846c       0xde ./Core/Src/stm32f1xx_hal_msp.o
                                      0x8408c (size before relaxing)
 .debug_str     0x000000000008854a      0x11a ./Core/Src/stm32f1xx_it.o
                                      0x83b49 (size before relaxing)
 .debug_str     0x0000000000088664       0x7e ./Core/Src/system_stm32f1xx.o
                                      0x832b8 (size before relaxing)
 .debug_str     0x00000000000886e2       0x36 ./Core/Startup/startup_stm32f103rbtx.o
                                         0x68 (size before relaxing)
 .debug_str     0x0000000000088718      0x38e ./Drivers/STM32F1xx_HAL_Driver/Src/stm32f1xx_hal.o
                                      0x839eb (size before relaxing)
 .debug_str     0x0000000000088aa6      0x294 ./Drivers/STM32F1xx_HAL_Driver/Src/stm32f1xx_hal_cortex.o
                                      0x83937 (size before relaxing)
 .debug_str     0x0000000000088d3a      0x2bc ./Drivers/STM32F1xx_HAL_Driver/Src/stm32f1xx_hal_gpio.o
                                      0x8363e (size before relaxing)
 .debug_str     0x0000000000088ff6      0x229 ./Drivers/STM32F1xx_HAL_Driver/Src/stm32f1xx_hal_rcc.o
                                      0x836e7 (size before relaxing)
 .debug_str     0x000000000008921f      0xdd0 ./Drivers/STM32F1xx_HAL_Driver/Src/stm32f1xx_hal_tim.o
                                      0x846d2 (size before relaxing)
 .debug_str     0x0000000000089fef      0x493 ./Drivers/STM32F1xx_HAL_Driver/Src/stm32f1xx_hal_tim_ex.o
                                      0x83eee (size before relaxing)
 .debug_str     0x000000000008a482      0x5fe ./Drivers/STM32F1xx_HAL_Driver/Src/stm32f1xx_hal_uart.o
                                      0x83cf2 (size before relaxing)

.comment        0x0000000000000000       0x50
 .comment       0x0000000000000000       0x50 ./Core/Src/button.o
                                         0x51 (size before relaxing)
 .comment       0x0000000000000050       0x51 ./Core/Src/fsm_display.o
 .comment       0x0000000000000050       0x51 ./Core/Src/fsm_mode.o
 .comment       0x0000000000000050       0x51 ./Core/Src/global.o
 .comment       0x0000000000000050       0x51 ./Core/Src/input_reading.o
 .comment       0x0000000000000050       0x51 ./Core/Src/led_display.o
 .comment       0x0000000000000050       0x51 ./Core/Src/main.o
 .comment       0x0000000000000050       0x51 ./Core/Src/software_timer.o
 .comment       0x0000000000000050       0x51 ./Core/Src/stm32f1xx_hal_msp.o
 .comment       0x0000000000000050       0x51 ./Core/Src/stm32f1xx_it.o
 .comment       0x0000000000000050       0x51 ./Core/Src/system_stm32f1xx.o
 .comment       0x0000000000000050       0x51 ./Drivers/STM32F1xx_HAL_Driver/Src/stm32f1xx_hal.o
 .comment       0x0000000000000050       0x51 ./Drivers/STM32F1xx_HAL_Driver/Src/stm32f1xx_hal_cortex.o
 .comment       0x0000000000000050       0x51 ./Drivers/STM32F1xx_HAL_Driver/Src/stm32f1xx_hal_gpio.o
 .comment       0x0000000000000050       0x51 ./Drivers/STM32F1xx_HAL_Driver/Src/stm32f1xx_hal_rcc.o
 .comment       0x0000000000000050       0x51 ./Drivers/STM32F1xx_HAL_Driver/Src/stm32f1xx_hal_tim.o
 .comment       0x0000000000000050       0x51 ./Drivers/STM32F1xx_HAL_Driver/Src/stm32f1xx_hal_tim_ex.o
 .comment       0x0000000000000050       0x51 ./Drivers/STM32F1xx_HAL_Driver/Src/stm32f1xx_hal_uart.o

.debug_frame    0x0000000000000000     0x3498
 .debug_frame   0x0000000000000000       0x34 ./Core/Src/button.o
 .debug_frame   0x0000000000000034       0x54 ./Core/Src/fsm_display.o
 .debug_frame   0x0000000000000088       0x2c ./Core/Src/fsm_mode.o
 .debug_frame   0x00000000000000b4       0x38 ./Core/Src/global.o
 .debug_frame   0x00000000000000ec       0xd4 ./Core/Src/input_reading.o
 .debug_frame   0x00000000000001c0       0x70 ./Core/Src/led_display.o
 .debug_frame   0x0000000000000230       0xf0 ./Core/Src/main.o
 .debug_frame   0x0000000000000320      0x308 ./Core/Src/software_timer.o
 .debug_frame   0x0000000000000628       0xc8 ./Core/Src/stm32f1xx_hal_msp.o
 .debug_frame   0x00000000000006f0      0x13c ./Core/Src/stm32f1xx_it.o
 .debug_frame   0x000000000000082c       0x58 ./Core/Src/system_stm32f1xx.o
 .debug_frame   0x0000000000000884      0x334 ./Drivers/STM32F1xx_HAL_Driver/Src/stm32f1xx_hal.o
 .debug_frame   0x0000000000000bb8      0x428 ./Drivers/STM32F1xx_HAL_Driver/Src/stm32f1xx_hal_cortex.o
 .debug_frame   0x0000000000000fe0      0x14c ./Drivers/STM32F1xx_HAL_Driver/Src/stm32f1xx_hal_gpio.o
 .debug_frame   0x000000000000112c      0x21c ./Drivers/STM32F1xx_HAL_Driver/Src/stm32f1xx_hal_rcc.o
 .debug_frame   0x0000000000001348     0x11b8 ./Drivers/STM32F1xx_HAL_Driver/Src/stm32f1xx_hal_tim.o
 .debug_frame   0x0000000000002500      0x638 ./Drivers/STM32F1xx_HAL_Driver/Src/stm32f1xx_hal_tim_ex.o
 .debug_frame   0x0000000000002b38      0x914 ./Drivers/STM32F1xx_HAL_Driver/Src/stm32f1xx_hal_uart.o
 .debug_frame   0x000000000000344c       0x2c c:/st/stm32cubeide_1.11.0/stm32cubeide/plugins/com.st.stm32cube.ide.mcu.externaltools.gnu-tools-for-stm32.10.3-2021.10.win32_1.0.100.202210260954/tools/bin/../lib/gcc/arm-none-eabi/10.3.1/../../../../arm-none-eabi/lib/thumb/v7-m/nofp\libc_nano.a(lib_a-init.o)
 .debug_frame   0x0000000000003478       0x20 c:/st/stm32cubeide_1.11.0/stm32cubeide/plugins/com.st.stm32cube.ide.mcu.externaltools.gnu-tools-for-stm32.10.3-2021.10.win32_1.0.100.202210260954/tools/bin/../lib/gcc/arm-none-eabi/10.3.1/../../../../arm-none-eabi/lib/thumb/v7-m/nofp\libc_nano.a(lib_a-memset.o)
